// Jest Snapshot v1, https://goo.gl/fbAQLP

exports[`renders bottom TabBar with icons 1`] = `
<View
  style={
    Array [
      Object {
        "borderTopColor": "rgba(33, 33, 33, 0.5)",
        "borderTopWidth": 1,
        "flexDirection": "row",
      },
      Object {
        "backgroundColor": "#486c86",
      },
    ]
  }
>
  <View
    accessible={true}
    isTVSelectable={true}
    onResponderGrant={[Function]}
    onResponderMove={[Function]}
    onResponderRelease={[Function]}
    onResponderTerminate={[Function]}
    onResponderTerminationRequest={[Function]}
    onStartShouldSetResponder={[Function]}
    style={
      Object {
        "alignItems": "center",
        "flex": 1,
        "justifyContent": "center",
        "opacity": 1,
        "paddingVertical": 10,
      }
    }
  >
    <Text
      allowFontScaling={false}
      style={
        Array [
          Object {
            "color": "#FFF",
            "fontSize": 28,
          },
          Object {
            "marginRight": 0,
            "opacity": 1,
          },
          Object {
            "fontFamily": "Ionicons",
            "fontStyle": "normal",
            "fontWeight": "normal",
          },
          Object {},
        ]
      }
    >
      
    </Text>
  </View>
  <View
    accessible={true}
    isTVSelectable={true}
    onResponderGrant={[Function]}
    onResponderMove={[Function]}
    onResponderRelease={[Function]}
    onResponderTerminate={[Function]}
    onResponderTerminationRequest={[Function]}
    onStartShouldSetResponder={[Function]}
    style={
      Object {
        "alignItems": "center",
        "flex": 1,
        "justifyContent": "center",
        "opacity": 1,
        "paddingVertical": 10,
      }
    }
  >
    <Text
      allowFontScaling={false}
      style={
        Array [
          Object {
            "color": "rgba(209, 216, 224, 0.8)",
            "fontSize": 28,
          },
          Object {
            "marginRight": 0,
            "opacity": 0.8,
          },
          Object {
            "fontFamily": "Ionicons",
            "fontStyle": "normal",
            "fontWeight": "normal",
          },
          Object {},
        ]
      }
    >
      
    </Text>
  </View>
  <View
    accessible={true}
    isTVSelectable={true}
    onResponderGrant={[Function]}
    onResponderMove={[Function]}
    onResponderRelease={[Function]}
    onResponderTerminate={[Function]}
    onResponderTerminationRequest={[Function]}
    onStartShouldSetResponder={[Function]}
    style={
      Object {
        "alignItems": "center",
        "flex": 1,
        "justifyContent": "center",
        "opacity": 1,
        "paddingVertical": 10,
      }
    }
  >
    <Text
      allowFontScaling={false}
      style={
        Array [
          Object {
            "color": "rgba(209, 216, 224, 0.8)",
            "fontSize": 28,
          },
          Object {
            "marginRight": 0,
            "opacity": 0.8,
          },
          Object {
            "fontFamily": "Ionicons",
            "fontStyle": "normal",
            "fontWeight": "normal",
          },
          Object {},
        ]
      }
    >
      
    </Text>
  </View>
  <View
    accessible={true}
    isTVSelectable={true}
    onResponderGrant={[Function]}
    onResponderMove={[Function]}
    onResponderRelease={[Function]}
    onResponderTerminate={[Function]}
    onResponderTerminationRequest={[Function]}
    onStartShouldSetResponder={[Function]}
    style={
      Object {
        "alignItems": "center",
        "flex": 1,
        "justifyContent": "center",
        "opacity": 1,
        "paddingVertical": 10,
      }
    }
  >
    <Text
      allowFontScaling={false}
      style={
        Array [
          Object {
            "color": "rgba(209, 216, 224, 0.8)",
            "fontSize": 28,
          },
          Object {
            "marginRight": 0,
            "opacity": 0.8,
          },
          Object {
            "fontFamily": "Ionicons",
            "fontStyle": "normal",
            "fontWeight": "normal",
          },
          Object {},
        ]
      }
    >
      
    </Text>
  </View>
</View>
`;

exports[`renders bottom TabBar with tab titles 1`] = `
<View
  style={
    Array [
      Object {
        "borderTopColor": "rgba(33, 33, 33, 0.5)",
        "borderTopWidth": 1,
        "flexDirection": "row",
      },
      Object {
        "backgroundColor": "#486c86",
      },
    ]
  }
>
  <View
    accessible={true}
    isTVSelectable={true}
    onResponderGrant={[Function]}
    onResponderMove={[Function]}
    onResponderRelease={[Function]}
    onResponderTerminate={[Function]}
    onResponderTerminationRequest={[Function]}
    onStartShouldSetResponder={[Function]}
    style={
      Object {
        "alignItems": "center",
        "flex": 1,
        "justifyContent": "center",
        "opacity": 1,
        "paddingVertical": 10,
      }
    }
  >
    <Text
      style={
        Array [
          Object {
            "color": "#FFF",
            "fontSize": 12,
            "fontWeight": "normal",
            "textAlign": "left",
          },
          Object {
            "opacity": 1,
          },
        ]
      }
    >
      ONE
    </Text>
  </View>
  <View
    accessible={true}
    isTVSelectable={true}
    onResponderGrant={[Function]}
    onResponderMove={[Function]}
    onResponderRelease={[Function]}
    onResponderTerminate={[Function]}
    onResponderTerminationRequest={[Function]}
    onStartShouldSetResponder={[Function]}
    style={
      Object {
        "alignItems": "center",
        "flex": 1,
        "justifyContent": "center",
        "opacity": 1,
        "paddingVertical": 10,
      }
    }
  >
    <Text
      style={
        Array [
          Object {
            "color": "rgba(209, 216, 224, 0.8)",
            "fontSize": 12,
            "fontWeight": "normal",
            "textAlign": "left",
          },
          Object {
            "opacity": 0.8,
          },
        ]
      }
    >
      TWO
    </Text>
  </View>
  <View
    accessible={true}
    isTVSelectable={true}
    onResponderGrant={[Function]}
    onResponderMove={[Function]}
    onResponderRelease={[Function]}
    onResponderTerminate={[Function]}
    onResponderTerminationRequest={[Function]}
    onStartShouldSetResponder={[Function]}
    style={
      Object {
        "alignItems": "center",
        "flex": 1,
        "justifyContent": "center",
        "opacity": 1,
        "paddingVertical": 10,
      }
    }
  >
    <Text
      style={
        Array [
          Object {
            "color": "rgba(209, 216, 224, 0.8)",
            "fontSize": 12,
            "fontWeight": "normal",
            "textAlign": "left",
          },
          Object {
            "opacity": 0.8,
          },
        ]
      }
    >
      THREE
    </Text>
  </View>
  <View
    accessible={true}
    isTVSelectable={true}
    onResponderGrant={[Function]}
    onResponderMove={[Function]}
    onResponderRelease={[Function]}
    onResponderTerminate={[Function]}
    onResponderTerminationRequest={[Function]}
    onStartShouldSetResponder={[Function]}
    style={
      Object {
        "alignItems": "center",
        "flex": 1,
        "justifyContent": "center",
        "opacity": 1,
        "paddingVertical": 10,
      }
    }
  >
    <Text
      style={
        Array [
          Object {
            "color": "rgba(209, 216, 224, 0.8)",
            "fontSize": 12,
            "fontWeight": "normal",
            "textAlign": "left",
          },
          Object {
            "opacity": 0.8,
          },
        ]
      }
    >
      FOUR
    </Text>
  </View>
</View>
`;

exports[`renders bottom TabBar with tab titles and icons 1`] = `
<View
  style={
    Array [
      Object {
        "borderTopColor": "rgba(33, 33, 33, 0.5)",
        "borderTopWidth": 1,
        "flexDirection": "row",
      },
      Object {
        "backgroundColor": "#486c86",
      },
    ]
  }
>
  <View
    accessible={true}
    isTVSelectable={true}
    onResponderGrant={[Function]}
    onResponderMove={[Function]}
    onResponderRelease={[Function]}
    onResponderTerminate={[Function]}
    onResponderTerminationRequest={[Function]}
    onStartShouldSetResponder={[Function]}
    style={
      Object {
        "alignItems": "center",
        "flex": 1,
        "justifyContent": "center",
        "opacity": 1,
        "paddingVertical": 10,
      }
    }
  >
    <Text
      allowFontScaling={false}
      style={
        Array [
          Object {
            "color": "#FFF",
            "fontSize": 28,
          },
          Object {
            "marginRight": 0,
            "opacity": 1,
          },
          Object {
            "fontFamily": "Ionicons",
            "fontStyle": "normal",
            "fontWeight": "normal",
          },
          Object {},
        ]
      }
    >
      
    </Text>
    <Text
      style={
        Array [
          Object {
            "color": "#FFF",
            "fontSize": 12,
            "fontWeight": "normal",
            "textAlign": "left",
          },
          Object {
            "opacity": 1,
          },
        ]
      }
    >
      ONE
    </Text>
  </View>
  <View
    accessible={true}
    isTVSelectable={true}
    onResponderGrant={[Function]}
    onResponderMove={[Function]}
    onResponderRelease={[Function]}
    onResponderTerminate={[Function]}
    onResponderTerminationRequest={[Function]}
    onStartShouldSetResponder={[Function]}
    style={
      Object {
        "alignItems": "center",
        "flex": 1,
        "justifyContent": "center",
        "opacity": 1,
        "paddingVertical": 10,
      }
    }
  >
    <Text
      allowFontScaling={false}
      style={
        Array [
          Object {
            "color": "rgba(209, 216, 224, 0.8)",
            "fontSize": 28,
          },
          Object {
            "marginRight": 0,
            "opacity": 0.8,
          },
          Object {
            "fontFamily": "Ionicons",
            "fontStyle": "normal",
            "fontWeight": "normal",
          },
          Object {},
        ]
      }
    >
      
    </Text>
    <Text
      style={
        Array [
          Object {
            "color": "rgba(209, 216, 224, 0.8)",
            "fontSize": 12,
            "fontWeight": "normal",
            "textAlign": "left",
          },
          Object {
            "opacity": 0.8,
          },
        ]
      }
    >
      TWO
    </Text>
  </View>
  <View
    accessible={true}
    isTVSelectable={true}
    onResponderGrant={[Function]}
    onResponderMove={[Function]}
    onResponderRelease={[Function]}
    onResponderTerminate={[Function]}
    onResponderTerminationRequest={[Function]}
    onStartShouldSetResponder={[Function]}
    style={
      Object {
        "alignItems": "center",
        "flex": 1,
        "justifyContent": "center",
        "opacity": 1,
        "paddingVertical": 10,
      }
    }
  >
    <Text
      allowFontScaling={false}
      style={
        Array [
          Object {
            "color": "rgba(209, 216, 224, 0.8)",
            "fontSize": 28,
          },
          Object {
            "marginRight": 0,
            "opacity": 0.8,
          },
          Object {
            "fontFamily": "Ionicons",
            "fontStyle": "normal",
            "fontWeight": "normal",
          },
          Object {},
        ]
      }
    >
      
    </Text>
    <Text
      style={
        Array [
          Object {
            "color": "rgba(209, 216, 224, 0.8)",
            "fontSize": 12,
            "fontWeight": "normal",
            "textAlign": "left",
          },
          Object {
            "opacity": 0.8,
          },
        ]
      }
    >
      THREE
    </Text>
  </View>
  <View
    accessible={true}
    isTVSelectable={true}
    onResponderGrant={[Function]}
    onResponderMove={[Function]}
    onResponderRelease={[Function]}
    onResponderTerminate={[Function]}
    onResponderTerminationRequest={[Function]}
    onStartShouldSetResponder={[Function]}
    style={
      Object {
        "alignItems": "center",
        "flex": 1,
        "justifyContent": "center",
        "opacity": 1,
        "paddingVertical": 10,
      }
    }
  >
    <Text
      allowFontScaling={false}
      style={
        Array [
          Object {
            "color": "rgba(209, 216, 224, 0.8)",
            "fontSize": 28,
          },
          Object {
            "marginRight": 0,
            "opacity": 0.8,
          },
          Object {
            "fontFamily": "Ionicons",
            "fontStyle": "normal",
            "fontWeight": "normal",
          },
          Object {},
        ]
      }
    >
      
    </Text>
    <Text
      style={
        Array [
          Object {
            "color": "rgba(209, 216, 224, 0.8)",
            "fontSize": 12,
            "fontWeight": "normal",
            "textAlign": "left",
          },
          Object {
            "opacity": 0.8,
          },
        ]
      }
    >
      FOUR
    </Text>
  </View>
</View>
`;

exports[`renders top TabBar with icons 1`] = `
<View
  style={
    Array [
      Object {
        "borderTopColor": "rgba(33, 33, 33, 0.5)",
        "borderTopWidth": 1,
        "flexDirection": "row",
      },
      Object {
        "backgroundColor": "#486c86",
      },
    ]
  }
>
  <View
    accessible={true}
    isTVSelectable={true}
    onResponderGrant={[Function]}
    onResponderMove={[Function]}
    onResponderRelease={[Function]}
    onResponderTerminate={[Function]}
    onResponderTerminationRequest={[Function]}
    onStartShouldSetResponder={[Function]}
    style={
      Object {
        "alignItems": "center",
        "flex": 1,
        "flexDirection": "row",
        "justifyContent": "center",
        "opacity": 1,
        "paddingVertical": 10,
      }
    }
  >
    <Text
      allowFontScaling={false}
      style={
        Array [
          Object {
            "color": "#FFF",
            "fontSize": 20,
          },
          Object {
            "marginRight": 5,
            "opacity": 1,
          },
          Object {
            "fontFamily": "Ionicons",
            "fontStyle": "normal",
            "fontWeight": "normal",
          },
          Object {},
        ]
      }
    >
      
    </Text>
  </View>
  <View
    accessible={true}
    isTVSelectable={true}
    onResponderGrant={[Function]}
    onResponderMove={[Function]}
    onResponderRelease={[Function]}
    onResponderTerminate={[Function]}
    onResponderTerminationRequest={[Function]}
    onStartShouldSetResponder={[Function]}
    style={
      Object {
        "alignItems": "center",
        "flex": 1,
        "flexDirection": "row",
        "justifyContent": "center",
        "opacity": 1,
        "paddingVertical": 10,
      }
    }
  >
    <Text
      allowFontScaling={false}
      style={
        Array [
          Object {
            "color": "rgba(209, 216, 224, 0.8)",
            "fontSize": 20,
          },
          Object {
            "marginRight": 5,
            "opacity": 0.8,
          },
          Object {
            "fontFamily": "Ionicons",
            "fontStyle": "normal",
            "fontWeight": "normal",
          },
          Object {},
        ]
      }
    >
      
    </Text>
  </View>
  <View
    accessible={true}
    isTVSelectable={true}
    onResponderGrant={[Function]}
    onResponderMove={[Function]}
    onResponderRelease={[Function]}
    onResponderTerminate={[Function]}
    onResponderTerminationRequest={[Function]}
    onStartShouldSetResponder={[Function]}
    style={
      Object {
        "alignItems": "center",
        "flex": 1,
        "flexDirection": "row",
        "justifyContent": "center",
        "opacity": 1,
        "paddingVertical": 10,
      }
    }
  >
    <Text
      allowFontScaling={false}
      style={
        Array [
          Object {
            "color": "rgba(209, 216, 224, 0.8)",
            "fontSize": 20,
          },
          Object {
            "marginRight": 5,
            "opacity": 0.8,
          },
          Object {
            "fontFamily": "Ionicons",
            "fontStyle": "normal",
            "fontWeight": "normal",
          },
          Object {},
        ]
      }
    >
      
    </Text>
  </View>
  <View
    accessible={true}
    isTVSelectable={true}
    onResponderGrant={[Function]}
    onResponderMove={[Function]}
    onResponderRelease={[Function]}
    onResponderTerminate={[Function]}
    onResponderTerminationRequest={[Function]}
    onStartShouldSetResponder={[Function]}
    style={
      Object {
        "alignItems": "center",
        "flex": 1,
        "flexDirection": "row",
        "justifyContent": "center",
        "opacity": 1,
        "paddingVertical": 10,
      }
    }
  >
    <Text
      allowFontScaling={false}
      style={
        Array [
          Object {
            "color": "rgba(209, 216, 224, 0.8)",
            "fontSize": 20,
          },
          Object {
            "marginRight": 5,
            "opacity": 0.8,
          },
          Object {
            "fontFamily": "Ionicons",
            "fontStyle": "normal",
            "fontWeight": "normal",
          },
          Object {},
        ]
      }
    >
      
    </Text>
  </View>
</View>
`;

exports[`renders top TabBar with tab titles 1`] = `
<View
  style={
    Array [
      Object {
        "borderTopColor": "rgba(33, 33, 33, 0.5)",
        "borderTopWidth": 1,
        "flexDirection": "row",
      },
      Object {
        "backgroundColor": "#486c86",
      },
    ]
  }
>
  <View
    accessible={true}
    isTVSelectable={true}
    onResponderGrant={[Function]}
    onResponderMove={[Function]}
    onResponderRelease={[Function]}
    onResponderTerminate={[Function]}
    onResponderTerminationRequest={[Function]}
    onStartShouldSetResponder={[Function]}
    style={
      Object {
        "alignItems": "center",
        "flex": 1,
        "flexDirection": "row",
        "justifyContent": "center",
        "opacity": 1,
        "paddingVertical": 10,
      }
    }
  >
    <Text
      style={
        Array [
          Object {
            "color": "#FFF",
            "fontSize": 13,
            "fontWeight": "normal",
            "textAlign": "left",
          },
          Object {
            "opacity": 1,
          },
        ]
      }
    >
      ONE
    </Text>
  </View>
  <View
    accessible={true}
    isTVSelectable={true}
    onResponderGrant={[Function]}
    onResponderMove={[Function]}
    onResponderRelease={[Function]}
    onResponderTerminate={[Function]}
    onResponderTerminationRequest={[Function]}
    onStartShouldSetResponder={[Function]}
    style={
      Object {
        "alignItems": "center",
        "flex": 1,
        "flexDirection": "row",
        "justifyContent": "center",
        "opacity": 1,
        "paddingVertical": 10,
      }
    }
  >
    <Text
      style={
        Array [
          Object {
            "color": "rgba(209, 216, 224, 0.8)",
            "fontSize": 13,
            "fontWeight": "normal",
            "textAlign": "left",
          },
          Object {
            "opacity": 0.8,
          },
        ]
      }
    >
      TWO
    </Text>
  </View>
  <View
    accessible={true}
    isTVSelectable={true}
    onResponderGrant={[Function]}
    onResponderMove={[Function]}
    onResponderRelease={[Function]}
    onResponderTerminate={[Function]}
    onResponderTerminationRequest={[Function]}
    onStartShouldSetResponder={[Function]}
    style={
      Object {
        "alignItems": "center",
        "flex": 1,
        "flexDirection": "row",
        "justifyContent": "center",
        "opacity": 1,
        "paddingVertical": 10,
      }
    }
  >
    <Text
      style={
        Array [
          Object {
            "color": "rgba(209, 216, 224, 0.8)",
            "fontSize": 13,
            "fontWeight": "normal",
            "textAlign": "left",
          },
          Object {
            "opacity": 0.8,
          },
        ]
      }
    >
      THREE
    </Text>
  </View>
  <View
    accessible={true}
    isTVSelectable={true}
    onResponderGrant={[Function]}
    onResponderMove={[Function]}
    onResponderRelease={[Function]}
    onResponderTerminate={[Function]}
    onResponderTerminationRequest={[Function]}
    onStartShouldSetResponder={[Function]}
    style={
      Object {
        "alignItems": "center",
        "flex": 1,
        "flexDirection": "row",
        "justifyContent": "center",
        "opacity": 1,
        "paddingVertical": 10,
      }
    }
  >
    <Text
      style={
        Array [
          Object {
            "color": "rgba(209, 216, 224, 0.8)",
            "fontSize": 13,
            "fontWeight": "normal",
            "textAlign": "left",
          },
          Object {
            "opacity": 0.8,
          },
        ]
      }
    >
      FOUR
    </Text>
  </View>
</View>
`;

exports[`renders top TabBar with tab titles and icons 1`] = `
<View
  style={
    Array [
      Object {
        "borderTopColor": "rgba(33, 33, 33, 0.5)",
        "borderTopWidth": 1,
        "flexDirection": "row",
      },
      Object {
        "backgroundColor": "#486c86",
      },
    ]
  }
>
  <View
    accessible={true}
    isTVSelectable={true}
    onResponderGrant={[Function]}
    onResponderMove={[Function]}
    onResponderRelease={[Function]}
    onResponderTerminate={[Function]}
    onResponderTerminationRequest={[Function]}
    onStartShouldSetResponder={[Function]}
    style={
      Object {
        "alignItems": "center",
        "flex": 1,
        "flexDirection": "row",
        "justifyContent": "center",
        "opacity": 1,
        "paddingVertical": 10,
      }
    }
  >
    <Text
      allowFontScaling={false}
      style={
        Array [
          Object {
            "color": "#FFF",
            "fontSize": 20,
          },
          Object {
            "marginRight": 5,
            "opacity": 1,
          },
          Object {
            "fontFamily": "Ionicons",
            "fontStyle": "normal",
            "fontWeight": "normal",
          },
          Object {},
        ]
      }
    >
      
    </Text>
    <Text
      style={
        Array [
          Object {
            "color": "#FFF",
            "fontSize": 13,
            "fontWeight": "normal",
            "textAlign": "left",
          },
          Object {
            "opacity": 1,
          },
        ]
      }
    >
      ONE
    </Text>
  </View>
  <View
    accessible={true}
    isTVSelectable={true}
    onResponderGrant={[Function]}
    onResponderMove={[Function]}
    onResponderRelease={[Function]}
    onResponderTerminate={[Function]}
    onResponderTerminationRequest={[Function]}
    onStartShouldSetResponder={[Function]}
    style={
      Object {
        "alignItems": "center",
        "flex": 1,
        "flexDirection": "row",
        "justifyContent": "center",
        "opacity": 1,
        "paddingVertical": 10,
      }
    }
  >
    <Text
      allowFontScaling={false}
      style={
        Array [
          Object {
            "color": "rgba(209, 216, 224, 0.8)",
            "fontSize": 20,
          },
          Object {
            "marginRight": 5,
            "opacity": 0.8,
          },
          Object {
            "fontFamily": "Ionicons",
            "fontStyle": "normal",
            "fontWeight": "normal",
          },
          Object {},
        ]
      }
    >
      
    </Text>
    <Text
      style={
        Array [
          Object {
            "color": "rgba(209, 216, 224, 0.8)",
            "fontSize": 13,
            "fontWeight": "normal",
            "textAlign": "left",
          },
          Object {
            "opacity": 0.8,
          },
        ]
      }
    >
      TWO
    </Text>
  </View>
  <View
    accessible={true}
    isTVSelectable={true}
    onResponderGrant={[Function]}
    onResponderMove={[Function]}
    onResponderRelease={[Function]}
    onResponderTerminate={[Function]}
    onResponderTerminationRequest={[Function]}
    onStartShouldSetResponder={[Function]}
    style={
      Object {
        "alignItems": "center",
        "flex": 1,
        "flexDirection": "row",
        "justifyContent": "center",
        "opacity": 1,
        "paddingVertical": 10,
      }
    }
  >
    <Text
      allowFontScaling={false}
      style={
        Array [
          Object {
            "color": "rgba(209, 216, 224, 0.8)",
            "fontSize": 20,
          },
          Object {
            "marginRight": 5,
            "opacity": 0.8,
          },
          Object {
            "fontFamily": "Ionicons",
            "fontStyle": "normal",
            "fontWeight": "normal",
          },
          Object {},
        ]
      }
    >
      
    </Text>
    <Text
      style={
        Array [
          Object {
            "color": "rgba(209, 216, 224, 0.8)",
            "fontSize": 13,
            "fontWeight": "normal",
            "textAlign": "left",
          },
          Object {
            "opacity": 0.8,
          },
        ]
      }
    >
      THREE
    </Text>
  </View>
  <View
    accessible={true}
    isTVSelectable={true}
    onResponderGrant={[Function]}
    onResponderMove={[Function]}
    onResponderRelease={[Function]}
    onResponderTerminate={[Function]}
    onResponderTerminationRequest={[Function]}
    onStartShouldSetResponder={[Function]}
    style={
      Object {
        "alignItems": "center",
        "flex": 1,
        "flexDirection": "row",
        "justifyContent": "center",
        "opacity": 1,
        "paddingVertical": 10,
      }
    }
  >
    <Text
      allowFontScaling={false}
      style={
        Array [
          Object {
            "color": "rgba(209, 216, 224, 0.8)",
            "fontSize": 20,
          },
          Object {
            "marginRight": 5,
            "opacity": 0.8,
          },
          Object {
            "fontFamily": "Ionicons",
            "fontStyle": "normal",
            "fontWeight": "normal",
          },
          Object {},
        ]
      }
    >
      
    </Text>
    <Text
      style={
        Array [
          Object {
            "color": "rgba(209, 216, 224, 0.8)",
            "fontSize": 13,
            "fontWeight": "normal",
            "textAlign": "left",
          },
          Object {
            "opacity": 0.8,
          },
        ]
      }
    >
      FOUR
    </Text>
  </View>
</View>
`;
