// Jest Snapshot v1, https://goo.gl/fbAQLP

exports[`renders Picker with placeholder 1`] = `
<View
  style={
    Object {
      "borderColor": "rgba(33, 33, 33, 0.5)",
      "borderRadius": 10,
      "borderWidth": 0.9,
      "marginVertical": 10,
      "paddingHorizontal": 5,
      "width": "100%",
    }
  }
>
  <Picker
    mode="dropdown"
    onValueChange={[Function]}
    style={
      Object {
        "height": 45,
      }
    }
  >
    <Item
      label="1"
      value="1"
    />
    <Item
      label="2"
      value="2"
    />
    <Item
      label="3"
      value="3"
    />
  </Picker>
</View>
`;

exports[`renders colored Picker 1`] = `
<View
  style={
    Object {
      "borderColor": "rgba(33, 33, 33, 0.5)",
      "borderRadius": 10,
      "borderWidth": 0.9,
      "marginVertical": 10,
      "paddingHorizontal": 5,
      "width": "100%",
    }
  }
>
  <Picker
    mode="dropdown"
    onValueChange={[Function]}
    style={
      Object {
        "height": 45,
      }
    }
  >
    <Item
      label="1"
      value="1"
    />
    <Item
      label="2"
      value="2"
    />
    <Item
      label="3"
      value="3"
    />
  </Picker>
</View>
`;

exports[`renders regular Picker 1`] = `
<View
  style={
    Object {
      "borderColor": "rgba(33, 33, 33, 0.5)",
      "borderRadius": 10,
      "borderWidth": 0.9,
      "marginVertical": 10,
      "paddingHorizontal": 5,
      "width": "100%",
    }
  }
>
  <Picker
    mode="dropdown"
    onValueChange={[Function]}
    style={
      Object {
        "height": 45,
      }
    }
  >
    <Item
      label="1"
      value="1"
    />
    <Item
      label="2"
      value="2"
    />
    <Item
      label="3"
      value="3"
    />
  </Picker>
</View>
`;
